exports[`Settings renders correctly 1`] = `
<h1>
  Settings
</h1>
`;
